// Jest Snapshot v1, https://goo.gl/fbAQLP

exports[`PokemonPage component should match the snapshot 1`] = `
<div>
  <div>
    <h1>Loading...</h1>
  </div>
</div>
`;

exports[`PokemonPage component should match the snapshot when the data is loaded 1`] = `
<div>
  <div>
    <h1>Who is this Pokemon?</h1>
    <pokemon-picture-stub pokemonid="1" showpokemon="false"></pokemon-picture-stub>
    <pokemon-options-stub pokemonoptions="[object Object],[object Object],[object Object],[object Object]"></pokemon-options-stub>
    <!--v-if-->
  </div>
</div>
`;
